---
source: tests/new.rs
assertion_line: 19
expression: output

---
warning: "AtCoder Beginner Contest 007" seems to be an ABC. Skipping extracting the time limit and the relative{{ slash_or_backslash }}absolute error, because they are not "specific integers or strings"
     Created `abc007` package at {{ cwd }}{{ slash_or_backslash }}.{{ slash_or_backslash }}abc007
       Saved 3 test cases to {{ cwd }}{{ slash_or_backslash }}.{{ slash_or_backslash }}abc007{{ slash_or_backslash }}testcases{{ slash_or_backslash }}{a.yml, a{{ slash_or_backslash }}}
       Saved 4 test cases to {{ cwd }}{{ slash_or_backslash }}.{{ slash_or_backslash }}abc007{{ slash_or_backslash }}testcases{{ slash_or_backslash }}{b.yml, b{{ slash_or_backslash }}}
       Saved 3 test cases to {{ cwd }}{{ slash_or_backslash }}.{{ slash_or_backslash }}abc007{{ slash_or_backslash }}testcases{{ slash_or_backslash }}{c.yml, c{{ slash_or_backslash }}}
       Saved 4 test cases to {{ cwd }}{{ slash_or_backslash }}.{{ slash_or_backslash }}abc007{{ slash_or_backslash }}testcases{{ slash_or_backslash }}{d.yml, d{{ slash_or_backslash }}}

