---
source: tests/new.rs
assertion_line: 20
expression: tree

---
{
  ".cargo": {
    "config.toml": "[cargo-new]\nname = \"\"\nemail = \"\"\n"
  },
  "abc007": {
    "Cargo.toml": "[package]\nname = \"abc007\"\nversion = \"0.1.0\"\nedition = \"2021\"\n\n[package.metadata.cargo-compete.bin]\nabc007-a = { alias = \"a\", problem = \"https://atcoder.jp/contests/abc007/tasks/abc007_1\" }\nabc007-b = { alias = \"b\", problem = \"https://atcoder.jp/contests/abc007/tasks/abc007_2\" }\nabc007-c = { alias = \"c\", problem = \"https://atcoder.jp/contests/abc007/tasks/abc007_3\" }\nabc007-d = { alias = \"d\", problem = \"https://atcoder.jp/contests/abc007/tasks/abc007_4\" }\n\n[[bin]]\nname = \"abc007-a\"\npath = \"src/bin/a.rs\"\n\n[[bin]]\nname = \"abc007-b\"\npath = \"src/bin/b.rs\"\n\n[[bin]]\nname = \"abc007-c\"\npath = \"src/bin/c.rs\"\n\n[[bin]]\nname = \"abc007-d\"\npath = \"src/bin/d.rs\"\n\n[dependencies]\nproconio = \"=0.3.6\"\n\n[dev-dependencies]\n",
    "src": {
      "bin": {
        "a.rs": "fn main() {\n    todo!();\n}\n",
        "b.rs": "fn main() {\n    todo!();\n}\n",
        "c.rs": "fn main() {\n    todo!();\n}\n",
        "d.rs": "fn main() {\n    todo!();\n}\n"
      }
    },
    "testcases": {
      "a": {
        "in": {},
        "out": {}
      },
      "a.yml": "---\ntype: Batch\ntimelimit: ~\nmatch: Lines\n\ncases:\n  - name: sample1\n    in: |\n      4\n    out: |\n      3\n  - name: sample2\n    in: |\n      100\n    out: |\n      99\n  - name: sample3\n    in: |\n      1\n    out: |\n      0\n\nextend:\n  - type: Text\n    path: \"./a\"\n    in: /in/*.txt\n    out: /out/*.txt\n",
      "b": {
        "in": {},
        "out": {}
      },
      "b.yml": "---\ntype: Batch\ntimelimit: ~\nmatch: Lines\n\ncases:\n  - name: sample1\n    in: |\n      xyz\n    out: |\n      xy\n  - name: sample2\n    in: |\n      c\n    out: |\n      b\n  - name: sample3\n    in: |\n      a\n    out: |\n      -1\n  - name: sample4\n    in: |\n      aaaaa\n    out: |\n      aaaa\n\nextend:\n  - type: Text\n    path: \"./b\"\n    in: /in/*.txt\n    out: /out/*.txt\n",
      "c": {
        "in": {},
        "out": {}
      },
      "c.yml": "---\ntype: Batch\ntimelimit: ~\nmatch: Lines\n\ncases:\n  - name: sample1\n    in: |\n      7 8\n      2 2\n      4 5\n      ########\n      #......#\n      #.######\n      #..#...#\n      #..##..#\n      ##.....#\n      ########\n    out: |\n      11\n  - name: sample2\n    in: |\n      5 8\n      2 2\n      2 4\n      ########\n      #.#....#\n      #.###..#\n      #......#\n      ########\n    out: |\n      10\n  - name: sample3\n    in: |\n      50 50\n      2 2\n      49 49\n      ##################################################\n      #................................................#\n      #................................................#\n      #................................................#\n      #................................................#\n      #................................................#\n      #................................................#\n      #................................................#\n      #................................................#\n      #................................................#\n      #................................................#\n      #................................................#\n      #................................................#\n      #................................................#\n      #................................................#\n      #................................................#\n      #................................................#\n      #................................................#\n      #................................................#\n      #................................................#\n      #................................................#\n      #................................................#\n      #................................................#\n      #................................................#\n      #................................................#\n      #................................................#\n      #................................................#\n      #................................................#\n      #................................................#\n      #................................................#\n      #................................................#\n      #................................................#\n      #................................................#\n      #................................................#\n      #................................................#\n      #................................................#\n      #................................................#\n      #................................................#\n      #................................................#\n      #................................................#\n      #................................................#\n      #................................................#\n      #................................................#\n      #................................................#\n      #................................................#\n      #................................................#\n      #................................................#\n      #................................................#\n      #................................................#\n      ##################################################\n    out: |\n      94\n\nextend:\n  - type: Text\n    path: \"./c\"\n    in: /in/*.txt\n    out: /out/*.txt\n",
      "d": {
        "in": {},
        "out": {}
      },
      "d.yml": "---\ntype: Batch\ntimelimit: ~\nmatch: Lines\n\ncases:\n  - name: sample1\n    in: |\n      1 9\n    out: |\n      2\n  - name: sample2\n    in: |\n      40 49\n    out: |\n      10\n  - name: sample3\n    in: |\n      1 1000\n    out: |\n      488\n  - name: sample4\n    in: |\n      1 1000000000000000000\n    out: |\n      981985601490518016\n\nextend:\n  - type: Text\n    path: \"./d\"\n    in: /in/*.txt\n    out: /out/*.txt\n"
    }
  },
  "compete.toml": "test-suite = \"{{ manifest_dir }}/testcases/{{ bin_alias | kebabcase }}.yml\"\n\n[template]\nsrc = '''\nfn main() {\n    todo!();\n}\n'''\n\n[template.new]\nedition = \"2021\"\ndependencies = '''\nproconio = \"=0.3.6\"\n'''\n\n[new]\nplatform = \"atcoder\"\npath = \"./{{ package_name }}\"\n"
}
